   118.7ms (setup:1113): 2026-06-14 03:27:13
   118.8ms (setup:1114): /usr/local/py-utils/bin/pipx install uv
   118.8ms (setup:1115): pipx version is 1.8.0
   118.9ms (setup:1116): Default python interpreter is '/usr/local/python/3.12.1/bin/python3.12'
   119.0ms (mkdir:76): creating directory /workspaces/skillscale/.pipx/venvs
   119.3ms (mkdir:76): creating directory /workspaces/skillscale/.local/bin
   119.7ms (mkdir:76): creating directory /workspaces/skillscale/.pipx/.cache
   119.9ms (mkdir:76): creating directory /workspaces/skillscale/.pipx/py
   120.3ms (setup:1130): Adding CACHEDIR.TAG to cache directory
   120.5ms (setup:1130): Adding CACHEDIR.TAG to cache directory
   121.2ms (package_name_from_spec:381): Determined package name: uv
   121.3ms (package_name_from_spec:382): Package name determined in 0.0s
   121.5ms (create_venv:164): Creating virtual environment
   121.8ms (run_subprocess:175): running /usr/local/python/3.12.1/bin/python3.12 -m venv --without-pip /workspaces/skillscale/.pipx/venvs/uv
   179.6ms (run_subprocess:195): stdout:
   179.7ms (run_subprocess:197): stderr:
   179.7ms (run_subprocess:198): returncode: 0
   180.5ms (run_subprocess:175): running /usr/local/python/3.12.1/bin/python3.12 -m venv --clear /workspaces/skillscale/.pipx/shared
  5669.0ms (run_subprocess:195): stdout:
  5669.1ms (run_subprocess:197): stderr:
  5669.2ms (run_subprocess:198): returncode: 0
  5669.7ms (run_subprocess:175): running <checking pip's availability>
  5685.9ms (run_subprocess:195): stdout: ModuleSpec(name='pip', loader=<_frozen_importlib_external.SourceFileLoader object at 0x76032d483bf0>, origin='/workspaces/skillscale/.pipx/shared/lib/python3.12/site-packages/pip/__init__.py', submodule_search_locations=['/workspaces/skillscale/.pipx/shared/lib/python3.12/site-packages/pip'])
  5686.0ms (run_subprocess:198): returncode: 0
  5686.4ms (upgrade:119): Upgrading shared libraries in /workspaces/skillscale/.pipx/shared
  5686.9ms (run_subprocess:175): running /workspaces/skillscale/.pipx/shared/bin/python -m pip --no-input --disable-pip-version-check install --force-reinstall -q --upgrade pip >= 23.1
 13765.3ms (run_subprocess:195): stdout:
 13765.5ms (run_subprocess:197): stderr: WARNING: The directory '/home/codespace/.cache/pip' or its parent directory is not owned or is not writable by the current user. The cache has been disabled. Check the permissions and owner of that directory. If executing pip with sudo, you should use sudo's -H flag.
WARNING: Retrying (Retry(total=4, connect=None, read=None, redirect=None, status=None)) after connection broken by 'NewConnectionError('<pip._vendor.urllib3.connection.HTTPSConnection object at 0x7e30b2a90950>: Failed to establish a new connection: [Errno -2] Name or service not known')': /simple/pip/
WARNING: Retrying (Retry(total=3, connect=None, read=None, redirect=None, status=None)) after connection broken by 'NewConnectionError('<pip._vendor.urllib3.connection.HTTPSConnection object at 0x7e30b2a93e00>: Failed to establish a new connection: [Errno -2] Name or service not known')': /simple/pip/
WARNING: Retrying (Retry(total=2, connect=None, read=None, redirect=None, status=None)) after connection broken by 'NewConnectionError('<pip._vendor.urllib3.connection.HTTPSConnection object at 0x7e30b2a93ce0>: Failed to establish a new connection: [Errno -2] Name or service not known')': /simple/pip/
WARNING: Retrying (Retry(total=1, connect=None, read=None, redirect=None, status=None)) after connection broken by 'NewConnectionError('<pip._vendor.urllib3.connection.HTTPSConnection object at 0x7e30b2ab0b90>: Failed to establish a new connection: [Errno -2] Name or service not known')': /simple/pip/
WARNING: Retrying (Retry(total=0, connect=None, read=None, redirect=None, status=None)) after connection broken by 'NewConnectionError('<pip._vendor.urllib3.connection.HTTPSConnection object at 0x7e30b2ab0d70>: Failed to establish a new connection: [Errno -2] Name or service not known')': /simple/pip/
ERROR: Could not find a version that satisfies the requirement pip>=23.1 (from versions: none)
ERROR: No matching distribution found for pip>=23.1
 13765.5ms (run_subprocess:198): returncode: 1
 13765.8ms (upgrade:146): Failed to upgrade shared libraries
 13765.9ms (rmdir:56): removing directory /workspaces/skillscale/.pipx/venvs/uv
 13768.9ms (cli:1184): PipxError: '/workspaces/skillscale/.pipx/shared/bin/python -m pip --no-input
--disable-pip-version-check install --force-reinstall -q --upgrade pip >=
23.1' failed
Traceback (most recent call last):
  File "/usr/local/py-utils/venvs/pipx/lib/python3.12/site-packages/pipx/main.py", line 1181, in cli
    return run_pipx_command(parsed_pipx_args, subparsers)
           ^^^^^^^^^^^^^^^^^^^^^^^^^^^^^^^^^^^^^^^^^^^^^^
  File "/usr/local/py-utils/venvs/pipx/lib/python3.12/site-packages/pipx/main.py", line 282, in run_pipx_command
    return commands.install(
           ^^^^^^^^^^^^^^^^^
  File "/usr/local/py-utils/venvs/pipx/lib/python3.12/site-packages/pipx/commands/install.py", line 96, in install
    venv.create_venv(venv_args, pip_args, override_shared)
  File "/usr/local/py-utils/venvs/pipx/lib/python3.12/site-packages/pipx/venv.py", line 172, in create_venv
    shared_libs.create(verbose=self.verbose, pip_args=pip_args)
  File "/usr/local/py-utils/venvs/pipx/lib/python3.12/site-packages/pipx/shared_libs.py", line 72, in create
    self.upgrade(pip_args=pip_args, verbose=verbose, raises=True)
  File "/usr/local/py-utils/venvs/pipx/lib/python3.12/site-packages/pipx/shared_libs.py", line 140, in upgrade
    subprocess_post_check(upgrade_process)
  File "/usr/local/py-utils/venvs/pipx/lib/python3.12/site-packages/pipx/util.py", line 210, in subprocess_post_check
    raise PipxError(f"{' '.join([str(x) for x in completed_process.args])!r} failed")
pipx.util.PipxError: '/workspaces/skillscale/.pipx/shared/bin/python -m pip --no-input
--disable-pip-version-check install --force-reinstall -q --upgrade pip >=
23.1' failed
 13771.0ms (cli:1192): pipx finished.
